  Determining projects to restore...
  All projects are up-to-date for restore.
C:\Users\User\Documents\SandBox\TranstFeeds\Migrations\20251123154112_SeedBasicTransitData.Designer.cs(19,33): error CS0115: 'SeedBasicTransitData.BuildTargetModel(ModelBuilder)': no suitable method found to override [C:\Users\User\Documents\SandBox\TranstFeeds\TranstFeeds.csproj]

Build FAILED.

C:\Users\User\Documents\SandBox\TranstFeeds\Migrations\20251123154112_SeedBasicTransitData.Designer.cs(19,33): error CS0115: 'SeedBasicTransitData.BuildTargetModel(ModelBuilder)': no suitable method found to override [C:\Users\User\Documents\SandBox\TranstFeeds\TranstFeeds.csproj]
    0 Warning(s)
    1 Error(s)

Time Elapsed 00:00:02.16

Workload updates are available. Run `dotnet workload list` for more information.
