  Determining projects to restore...
  All projects are up-to-date for restore.
C:\Program Files\dotnet\sdk\9.0.304\Microsoft.Common.CurrentVersion.targets(5394,5): warning MSB3026: Could not copy "C:\Users\User\Documents\SandBox\TranstFeeds\obj\Debug\net8.0\apphost.exe" to "bin\Debug\net8.0\TranstFeeds.exe". Beginning retry 1 in 1000ms. The process cannot access the file 'C:\Users\User\Documents\SandBox\TranstFeeds\bin\Debug\net8.0\TranstFeeds.exe' because it is being used by another process. The file is locked by: "TranstFeeds (22380)" [C:\Users\User\Documents\SandBox\TranstFeeds\TranstFeeds.csproj]
C:\Program Files\dotnet\sdk\9.0.304\Microsoft.Common.CurrentVersion.targets(5394,5): warning MSB3026: Could not copy "C:\Users\User\Documents\SandBox\TranstFeeds\obj\Debug\net8.0\apphost.exe" to "bin\Debug\net8.0\TranstFeeds.exe". Beginning retry 2 in 1000ms. The process cannot access the file 'C:\Users\User\Documents\SandBox\TranstFeeds\bin\Debug\net8.0\TranstFeeds.exe' because it is being used by another process. The file is locked by: "TranstFeeds (22380)" [C:\Users\User\Documents\SandBox\TranstFeeds\TranstFeeds.csproj]
C:\Program Files\dotnet\sdk\9.0.304\Microsoft.Common.CurrentVersion.targets(5394,5): warning MSB3026: Could not copy "C:\Users\User\Documents\SandBox\TranstFeeds\obj\Debug\net8.0\apphost.exe" to "bin\Debug\net8.0\TranstFeeds.exe". Beginning retry 3 in 1000ms. The process cannot access the file 'C:\Users\User\Documents\SandBox\TranstFeeds\bin\Debug\net8.0\TranstFeeds.exe' because it is being used by another process. The file is locked by: "TranstFeeds (22380)" [C:\Users\User\Documents\SandBox\TranstFeeds\TranstFeeds.csproj]
C:\Program Files\dotnet\sdk\9.0.304\Microsoft.Common.CurrentVersion.targets(5394,5): warning MSB3026: Could not copy "C:\Users\User\Documents\SandBox\TranstFeeds\obj\Debug\net8.0\apphost.exe" to "bin\Debug\net8.0\TranstFeeds.exe". Beginning retry 4 in 1000ms. The process cannot access the file 'C:\Users\User\Documents\SandBox\TranstFeeds\bin\Debug\net8.0\TranstFeeds.exe' because it is being used by another process. The file is locked by: "TranstFeeds (22380)" [C:\Users\User\Documents\SandBox\TranstFeeds\TranstFeeds.csproj]
C:\Program Files\dotnet\sdk\9.0.304\Microsoft.Common.CurrentVersion.targets(5394,5): warning MSB3026: Could not copy "C:\Users\User\Documents\SandBox\TranstFeeds\obj\Debug\net8.0\apphost.exe" to "bin\Debug\net8.0\TranstFeeds.exe". Beginning retry 5 in 1000ms. The process cannot access the file 'C:\Users\User\Documents\SandBox\TranstFeeds\bin\Debug\net8.0\TranstFeeds.exe' because it is being used by another process. The file is locked by: "TranstFeeds (22380)" [C:\Users\User\Documents\SandBox\TranstFeeds\TranstFeeds.csproj]
C:\Program Files\dotnet\sdk\9.0.304\Microsoft.Common.CurrentVersion.targets(5394,5): warning MSB3026: Could not copy "C:\Users\User\Documents\SandBox\TranstFeeds\obj\Debug\net8.0\apphost.exe" to "bin\Debug\net8.0\TranstFeeds.exe". Beginning retry 6 in 1000ms. The process cannot access the file 'C:\Users\User\Documents\SandBox\TranstFeeds\bin\Debug\net8.0\TranstFeeds.exe' because it is being used by another process. The file is locked by: "TranstFeeds (22380)" [C:\Users\User\Documents\SandBox\TranstFeeds\TranstFeeds.csproj]
C:\Program Files\dotnet\sdk\9.0.304\Microsoft.Common.CurrentVersion.targets(5394,5): warning MSB3026: Could not copy "C:\Users\User\Documents\SandBox\TranstFeeds\obj\Debug\net8.0\apphost.exe" to "bin\Debug\net8.0\TranstFeeds.exe". Beginning retry 7 in 1000ms. The process cannot access the file 'C:\Users\User\Documents\SandBox\TranstFeeds\bin\Debug\net8.0\TranstFeeds.exe' because it is being used by another process. The file is locked by: "TranstFeeds (22380)" [C:\Users\User\Documents\SandBox\TranstFeeds\TranstFeeds.csproj]
C:\Program Files\dotnet\sdk\9.0.304\Microsoft.Common.CurrentVersion.targets(5394,5): warning MSB3026: Could not copy "C:\Users\User\Documents\SandBox\TranstFeeds\obj\Debug\net8.0\apphost.exe" to "bin\Debug\net8.0\TranstFeeds.exe". Beginning retry 8 in 1000ms. The process cannot access the file 'C:\Users\User\Documents\SandBox\TranstFeeds\bin\Debug\net8.0\TranstFeeds.exe' because it is being used by another process. The file is locked by: "TranstFeeds (22380)" [C:\Users\User\Documents\SandBox\TranstFeeds\TranstFeeds.csproj]
C:\Program Files\dotnet\sdk\9.0.304\Microsoft.Common.CurrentVersion.targets(5394,5): warning MSB3026: Could not copy "C:\Users\User\Documents\SandBox\TranstFeeds\obj\Debug\net8.0\apphost.exe" to "bin\Debug\net8.0\TranstFeeds.exe". Beginning retry 9 in 1000ms. The process cannot access the file 'C:\Users\User\Documents\SandBox\TranstFeeds\bin\Debug\net8.0\TranstFeeds.exe' because it is being used by another process. The file is locked by: "TranstFeeds (22380)" [C:\Users\User\Documents\SandBox\TranstFeeds\TranstFeeds.csproj]
C:\Program Files\dotnet\sdk\9.0.304\Microsoft.Common.CurrentVersion.targets(5394,5): warning MSB3026: Could not copy "C:\Users\User\Documents\SandBox\TranstFeeds\obj\Debug\net8.0\apphost.exe" to "bin\Debug\net8.0\TranstFeeds.exe". Beginning retry 10 in 1000ms. The process cannot access the file 'C:\Users\User\Documents\SandBox\TranstFeeds\bin\Debug\net8.0\TranstFeeds.exe' because it is being used by another process. The file is locked by: "TranstFeeds (22380)" [C:\Users\User\Documents\SandBox\TranstFeeds\TranstFeeds.csproj]
C:\Program Files\dotnet\sdk\9.0.304\Microsoft.Common.CurrentVersion.targets(5394,5): error MSB3027: Could not copy "C:\Users\User\Documents\SandBox\TranstFeeds\obj\Debug\net8.0\apphost.exe" to "bin\Debug\net8.0\TranstFeeds.exe". Exceeded retry count of 10. Failed. The file is locked by: "TranstFeeds (22380)" [C:\Users\User\Documents\SandBox\TranstFeeds\TranstFeeds.csproj]
C:\Program Files\dotnet\sdk\9.0.304\Microsoft.Common.CurrentVersion.targets(5394,5): error MSB3021: Unable to copy file "C:\Users\User\Documents\SandBox\TranstFeeds\obj\Debug\net8.0\apphost.exe" to "bin\Debug\net8.0\TranstFeeds.exe". The process cannot access the file 'C:\Users\User\Documents\SandBox\TranstFeeds\bin\Debug\net8.0\TranstFeeds.exe' because it is being used by another process. [C:\Users\User\Documents\SandBox\TranstFeeds\TranstFeeds.csproj]

Build FAILED.

C:\Program Files\dotnet\sdk\9.0.304\Microsoft.Common.CurrentVersion.targets(5394,5): warning MSB3026: Could not copy "C:\Users\User\Documents\SandBox\TranstFeeds\obj\Debug\net8.0\apphost.exe" to "bin\Debug\net8.0\TranstFeeds.exe". Beginning retry 1 in 1000ms. The process cannot access the file 'C:\Users\User\Documents\SandBox\TranstFeeds\bin\Debug\net8.0\TranstFeeds.exe' because it is being used by another process. The file is locked by: "TranstFeeds (22380)" [C:\Users\User\Documents\SandBox\TranstFeeds\TranstFeeds.csproj]
C:\Program Files\dotnet\sdk\9.0.304\Microsoft.Common.CurrentVersion.targets(5394,5): warning MSB3026: Could not copy "C:\Users\User\Documents\SandBox\TranstFeeds\obj\Debug\net8.0\apphost.exe" to "bin\Debug\net8.0\TranstFeeds.exe". Beginning retry 2 in 1000ms. The process cannot access the file 'C:\Users\User\Documents\SandBox\TranstFeeds\bin\Debug\net8.0\TranstFeeds.exe' because it is being used by another process. The file is locked by: "TranstFeeds (22380)" [C:\Users\User\Documents\SandBox\TranstFeeds\TranstFeeds.csproj]
C:\Program Files\dotnet\sdk\9.0.304\Microsoft.Common.CurrentVersion.targets(5394,5): warning MSB3026: Could not copy "C:\Users\User\Documents\SandBox\TranstFeeds\obj\Debug\net8.0\apphost.exe" to "bin\Debug\net8.0\TranstFeeds.exe". Beginning retry 3 in 1000ms. The process cannot access the file 'C:\Users\User\Documents\SandBox\TranstFeeds\bin\Debug\net8.0\TranstFeeds.exe' because it is being used by another process. The file is locked by: "TranstFeeds (22380)" [C:\Users\User\Documents\SandBox\TranstFeeds\TranstFeeds.csproj]
C:\Program Files\dotnet\sdk\9.0.304\Microsoft.Common.CurrentVersion.targets(5394,5): warning MSB3026: Could not copy "C:\Users\User\Documents\SandBox\TranstFeeds\obj\Debug\net8.0\apphost.exe" to "bin\Debug\net8.0\TranstFeeds.exe". Beginning retry 4 in 1000ms. The process cannot access the file 'C:\Users\User\Documents\SandBox\TranstFeeds\bin\Debug\net8.0\TranstFeeds.exe' because it is being used by another process. The file is locked by: "TranstFeeds (22380)" [C:\Users\User\Documents\SandBox\TranstFeeds\TranstFeeds.csproj]
C:\Program Files\dotnet\sdk\9.0.304\Microsoft.Common.CurrentVersion.targets(5394,5): warning MSB3026: Could not copy "C:\Users\User\Documents\SandBox\TranstFeeds\obj\Debug\net8.0\apphost.exe" to "bin\Debug\net8.0\TranstFeeds.exe". Beginning retry 5 in 1000ms. The process cannot access the file 'C:\Users\User\Documents\SandBox\TranstFeeds\bin\Debug\net8.0\TranstFeeds.exe' because it is being used by another process. The file is locked by: "TranstFeeds (22380)" [C:\Users\User\Documents\SandBox\TranstFeeds\TranstFeeds.csproj]
C:\Program Files\dotnet\sdk\9.0.304\Microsoft.Common.CurrentVersion.targets(5394,5): warning MSB3026: Could not copy "C:\Users\User\Documents\SandBox\TranstFeeds\obj\Debug\net8.0\apphost.exe" to "bin\Debug\net8.0\TranstFeeds.exe". Beginning retry 6 in 1000ms. The process cannot access the file 'C:\Users\User\Documents\SandBox\TranstFeeds\bin\Debug\net8.0\TranstFeeds.exe' because it is being used by another process. The file is locked by: "TranstFeeds (22380)" [C:\Users\User\Documents\SandBox\TranstFeeds\TranstFeeds.csproj]
C:\Program Files\dotnet\sdk\9.0.304\Microsoft.Common.CurrentVersion.targets(5394,5): warning MSB3026: Could not copy "C:\Users\User\Documents\SandBox\TranstFeeds\obj\Debug\net8.0\apphost.exe" to "bin\Debug\net8.0\TranstFeeds.exe". Beginning retry 7 in 1000ms. The process cannot access the file 'C:\Users\User\Documents\SandBox\TranstFeeds\bin\Debug\net8.0\TranstFeeds.exe' because it is being used by another process. The file is locked by: "TranstFeeds (22380)" [C:\Users\User\Documents\SandBox\TranstFeeds\TranstFeeds.csproj]
C:\Program Files\dotnet\sdk\9.0.304\Microsoft.Common.CurrentVersion.targets(5394,5): warning MSB3026: Could not copy "C:\Users\User\Documents\SandBox\TranstFeeds\obj\Debug\net8.0\apphost.exe" to "bin\Debug\net8.0\TranstFeeds.exe". Beginning retry 8 in 1000ms. The process cannot access the file 'C:\Users\User\Documents\SandBox\TranstFeeds\bin\Debug\net8.0\TranstFeeds.exe' because it is being used by another process. The file is locked by: "TranstFeeds (22380)" [C:\Users\User\Documents\SandBox\TranstFeeds\TranstFeeds.csproj]
C:\Program Files\dotnet\sdk\9.0.304\Microsoft.Common.CurrentVersion.targets(5394,5): warning MSB3026: Could not copy "C:\Users\User\Documents\SandBox\TranstFeeds\obj\Debug\net8.0\apphost.exe" to "bin\Debug\net8.0\TranstFeeds.exe". Beginning retry 9 in 1000ms. The process cannot access the file 'C:\Users\User\Documents\SandBox\TranstFeeds\bin\Debug\net8.0\TranstFeeds.exe' because it is being used by another process. The file is locked by: "TranstFeeds (22380)" [C:\Users\User\Documents\SandBox\TranstFeeds\TranstFeeds.csproj]
C:\Program Files\dotnet\sdk\9.0.304\Microsoft.Common.CurrentVersion.targets(5394,5): warning MSB3026: Could not copy "C:\Users\User\Documents\SandBox\TranstFeeds\obj\Debug\net8.0\apphost.exe" to "bin\Debug\net8.0\TranstFeeds.exe". Beginning retry 10 in 1000ms. The process cannot access the file 'C:\Users\User\Documents\SandBox\TranstFeeds\bin\Debug\net8.0\TranstFeeds.exe' because it is being used by another process. The file is locked by: "TranstFeeds (22380)" [C:\Users\User\Documents\SandBox\TranstFeeds\TranstFeeds.csproj]
C:\Program Files\dotnet\sdk\9.0.304\Microsoft.Common.CurrentVersion.targets(5394,5): error MSB3027: Could not copy "C:\Users\User\Documents\SandBox\TranstFeeds\obj\Debug\net8.0\apphost.exe" to "bin\Debug\net8.0\TranstFeeds.exe". Exceeded retry count of 10. Failed. The file is locked by: "TranstFeeds (22380)" [C:\Users\User\Documents\SandBox\TranstFeeds\TranstFeeds.csproj]
C:\Program Files\dotnet\sdk\9.0.304\Microsoft.Common.CurrentVersion.targets(5394,5): error MSB3021: Unable to copy file "C:\Users\User\Documents\SandBox\TranstFeeds\obj\Debug\net8.0\apphost.exe" to "bin\Debug\net8.0\TranstFeeds.exe". The process cannot access the file 'C:\Users\User\Documents\SandBox\TranstFeeds\bin\Debug\net8.0\TranstFeeds.exe' because it is being used by another process. [C:\Users\User\Documents\SandBox\TranstFeeds\TranstFeeds.csproj]
    10 Warning(s)
    2 Error(s)

Time Elapsed 00:00:12.99

Workload updates are available. Run `dotnet workload list` for more information.
